66.249.66.1 - - [15/Jan/2024:10:30:17 +0000] "GET /api/users HTTP/1.1" 200 2345 "-" "Mozilla/5.0"
192.168.1.1 - - [15/Jan/2024:10:30:18 +0000] "POST /api/login HTTP/1.1" 401 100 "-" "curl/7.68.0"
10.0.0.5 - - [15/Jan/2024:10:30:19 +0000] "GET /api/orders HTTP/1.1" 500 500 "-" "Java/1.8"
66.249.66.1 - - [15/Jan/2024:10:30:20 +0000] "GET /api/users HTTP/1.1" 200 2345 "-" "Mozilla/5.0"
66.249.66.1 - - [15/Jan/2024:10:30:21 +0000] "GET /api/users HTTP/1.1" 200 2345 "-" "Mozilla/5.0"
10.0.0.5 - - [15/Jan/2024:10:30:22 +0000] "GET /api/orders HTTP/1.1" 502 200 "-" "Java/1.8"
